// Jest Snapshot v1, https://goo.gl/fbAQLP

exports[`should render and conform to snapshot  1`] = `
<Container
  className="showing"
  fluid={false}
>
  <Comment2Create
    submitComment={[Function]}
  />
  <Button
    active={false}
    block={true}
    disabled={false}
    onClick={[Function]}
    size="sm"
    style={
      Object {
        "margin": "2px",
      }
    }
    type="button"
    variant="primary"
  >
    <FaFilter />
     Filters
  </Button>
  <hr />
  <div />
  <ImportExport
    currentList={Array []}
    currentListName="local"
    handleImportList={[Function]}
  />
</Container>
`;
