// Jest Snapshot v1, https://goo.gl/fbAQLP

exports[`should render and conform to snapshot  1`] = `
<Container
  className="showing"
  fluid={false}
>
  <Comment2Create
    submitComment={[Function]}
  />
  <FormControl
    className="mr-sm-2"
    onChange={[Function]}
    placeholder="filter comments by text"
    style={
      Object {
        "margin": "10px 0",
      }
    }
    type="text"
    value=""
  />
  <Button
    active={false}
    block={true}
    disabled={false}
    onClick={[Function]}
    style={
      Object {
        "margin": "10px 0",
      }
    }
    type="button"
    variant="primary"
  >
    Show All Comments
  </Button>
  <FormControl
    as="select"
    onChange={[Function]}
    value="local"
  >
    <option
      key="local"
      value="local"
    >
      local
    </option>
  </FormControl>
  <span>
     
  </span>
  <div />
  <ImportExport
    currentList={Array []}
    handleImportList={[Function]}
  />
</Container>
`;
